To many people a curfew is a difficult time. That's why the beginning of the curfew was a good time for me